[0.006s][info][gc,heap] Heap region size: 1M
[0.010s][info][gc     ] Using G1
[0.010s][info][gc,heap,coops] Heap address: 0x00000000c0000000, size: 1024 MB, Compressed Oops mode: 32-bit
[40.353s][info][gc,task      ] GC(0) Using 12 workers of 23 for full compaction
[40.353s][info][gc,start     ] GC(0) Pause Full (Heap Inspection Initiated GC)
[40.353s][info][gc,phases,start] GC(0) Phase 1: Mark live objects
[40.355s][info][gc,stringtable ] GC(0) Cleaned string and symbol table, strings: 7013 processed, 13 removed, symbols: 55828 processed, 1 removed
[40.355s][info][gc,phases      ] GC(0) Phase 1: Mark live objects 1.702ms
[40.355s][info][gc,phases,start] GC(0) Phase 2: Prepare for compaction
[40.355s][info][gc,phases      ] GC(0) Phase 2: Prepare for compaction 0.347ms
[40.356s][info][gc,phases,start] GC(0) Phase 3: Adjust pointers
[40.356s][info][gc,phases      ] GC(0) Phase 3: Adjust pointers 0.607ms
[40.356s][info][gc,phases,start] GC(0) Phase 4: Compact heap
[40.357s][info][gc,phases      ] GC(0) Phase 4: Compact heap 0.389ms
[40.357s][info][gc,heap        ] GC(0) Eden regions: 19->0(25)
[40.357s][info][gc,heap        ] GC(0) Survivor regions: 0->0(0)
[40.357s][info][gc,heap        ] GC(0) Old regions: 0->10
[40.357s][info][gc,heap        ] GC(0) Humongous regions: 2->1
[40.357s][info][gc,metaspace   ] GC(0) Metaspace: 16554K(17152K)->16554K(17152K) NonClass: 14916K(15360K)->14916K(15360K) Class: 1638K(1792K)->1638K(1792K)
[40.357s][info][gc             ] GC(0) Pause Full (Heap Inspection Initiated GC) 21M->4M(512M) 3.772ms
[40.357s][info][gc,cpu         ] GC(0) User=0.00s Sys=0.00s Real=0.00s
[44.540s][info][gc,task        ] GC(1) Using 12 workers of 23 for full compaction
[44.541s][info][gc,start       ] GC(1) Pause Full (Heap Inspection Initiated GC)
[44.541s][info][gc,phases,start] GC(1) Phase 1: Mark live objects
[44.542s][info][gc,stringtable ] GC(1) Cleaned string and symbol table, strings: 7000 processed, 0 removed, symbols: 55827 processed, 0 removed
[44.542s][info][gc,phases      ] GC(1) Phase 1: Mark live objects 1.264ms
[44.542s][info][gc,phases,start] GC(1) Phase 2: Prepare for compaction
[44.542s][info][gc,phases      ] GC(1) Phase 2: Prepare for compaction 0.251ms
[44.542s][info][gc,phases,start] GC(1) Phase 3: Adjust pointers
[44.543s][info][gc,phases      ] GC(1) Phase 3: Adjust pointers 0.716ms
[44.543s][info][gc,phases,start] GC(1) Phase 4: Compact heap
[44.543s][info][gc,phases      ] GC(1) Phase 4: Compact heap 0.286ms
[44.543s][info][gc,heap        ] GC(1) Eden regions: 0->0(25)
[44.543s][info][gc,heap        ] GC(1) Survivor regions: 0->0(0)
[44.543s][info][gc,heap        ] GC(1) Old regions: 10->5
[44.543s][info][gc,heap        ] GC(1) Humongous regions: 1->1
[44.543s][info][gc,metaspace   ] GC(1) Metaspace: 16554K(17152K)->16554K(17152K) NonClass: 14916K(15360K)->14916K(15360K) Class: 1638K(1792K)->1638K(1792K)
[44.543s][info][gc             ] GC(1) Pause Full (Heap Inspection Initiated GC) 4M->4M(512M) 2.937ms
[44.544s][info][gc,cpu         ] GC(1) User=0.00s Sys=0.00s Real=0.00s
[164.153s][info][gc,task        ] GC(2) Using 12 workers of 23 for full compaction
[164.153s][info][gc,start       ] GC(2) Pause Full (Heap Inspection Initiated GC)
[164.153s][info][gc,phases,start] GC(2) Phase 1: Mark live objects
[164.154s][info][gc,stringtable ] GC(2) Cleaned string and symbol table, strings: 7000 processed, 0 removed, symbols: 55827 processed, 0 removed
[164.155s][info][gc,phases      ] GC(2) Phase 1: Mark live objects 1.641ms
[164.155s][info][gc,phases,start] GC(2) Phase 2: Prepare for compaction
[164.155s][info][gc,phases      ] GC(2) Phase 2: Prepare for compaction 0.354ms
[164.155s][info][gc,phases,start] GC(2) Phase 3: Adjust pointers
[164.155s][info][gc,phases      ] GC(2) Phase 3: Adjust pointers 0.461ms
[164.155s][info][gc,phases,start] GC(2) Phase 4: Compact heap
[164.156s][info][gc,phases      ] GC(2) Phase 4: Compact heap 0.247ms
[164.156s][info][gc,heap        ] GC(2) Eden regions: 0->0(25)
[164.156s][info][gc,heap        ] GC(2) Survivor regions: 0->0(0)
[164.156s][info][gc,heap        ] GC(2) Old regions: 5->5
[164.156s][info][gc,heap        ] GC(2) Humongous regions: 1->1
[164.156s][info][gc,metaspace   ] GC(2) Metaspace: 16554K(17152K)->16554K(17152K) NonClass: 14916K(15360K)->14916K(15360K) Class: 1638K(1792K)->1638K(1792K)
[164.156s][info][gc             ] GC(2) Pause Full (Heap Inspection Initiated GC) 4M->4M(512M) 3.146ms
[164.156s][info][gc,cpu         ] GC(2) User=0.00s Sys=0.00s Real=0.00s
[283.117s][info][gc,task        ] GC(3) Using 12 workers of 23 for full compaction
[283.118s][info][gc,start       ] GC(3) Pause Full (Heap Inspection Initiated GC)
[283.118s][info][gc,phases,start] GC(3) Phase 1: Mark live objects
[283.119s][info][gc,stringtable ] GC(3) Cleaned string and symbol table, strings: 7000 processed, 0 removed, symbols: 55827 processed, 0 removed
[283.119s][info][gc,phases      ] GC(3) Phase 1: Mark live objects 1.401ms
[283.119s][info][gc,phases,start] GC(3) Phase 2: Prepare for compaction
[283.119s][info][gc,phases      ] GC(3) Phase 2: Prepare for compaction 0.300ms
[283.119s][info][gc,phases,start] GC(3) Phase 3: Adjust pointers
[283.120s][info][gc,phases      ] GC(3) Phase 3: Adjust pointers 0.490ms
[283.120s][info][gc,phases,start] GC(3) Phase 4: Compact heap
[283.120s][info][gc,phases      ] GC(3) Phase 4: Compact heap 0.145ms
[283.120s][info][gc,heap        ] GC(3) Eden regions: 0->0(25)
[283.120s][info][gc,heap        ] GC(3) Survivor regions: 0->0(0)
[283.120s][info][gc,heap        ] GC(3) Old regions: 5->4
[283.120s][info][gc,heap        ] GC(3) Humongous regions: 1->1
[283.120s][info][gc,metaspace   ] GC(3) Metaspace: 16554K(17152K)->16554K(17152K) NonClass: 14916K(15360K)->14916K(15360K) Class: 1638K(1792K)->1638K(1792K)
[283.120s][info][gc             ] GC(3) Pause Full (Heap Inspection Initiated GC) 4M->4M(512M) 2.745ms
[283.120s][info][gc,cpu         ] GC(3) User=0.00s Sys=0.00s Real=0.00s
[350.033s][info][gc,task        ] GC(4) Using 12 workers of 23 for full compaction
[350.034s][info][gc,start       ] GC(4) Pause Full (Heap Inspection Initiated GC)
[350.034s][info][gc,phases,start] GC(4) Phase 1: Mark live objects
[350.035s][info][gc,stringtable ] GC(4) Cleaned string and symbol table, strings: 7000 processed, 0 removed, symbols: 55827 processed, 0 removed
[350.035s][info][gc,phases      ] GC(4) Phase 1: Mark live objects 1.350ms
[350.035s][info][gc,phases,start] GC(4) Phase 2: Prepare for compaction
[350.035s][info][gc,phases      ] GC(4) Phase 2: Prepare for compaction 0.207ms
[350.035s][info][gc,phases,start] GC(4) Phase 3: Adjust pointers
[350.036s][info][gc,phases      ] GC(4) Phase 3: Adjust pointers 0.452ms
[350.036s][info][gc,phases,start] GC(4) Phase 4: Compact heap
[350.036s][info][gc,phases      ] GC(4) Phase 4: Compact heap 0.143ms
[350.036s][info][gc,heap        ] GC(4) Eden regions: 0->0(25)
[350.036s][info][gc,heap        ] GC(4) Survivor regions: 0->0(0)
[350.036s][info][gc,heap        ] GC(4) Old regions: 4->4
[350.036s][info][gc,heap        ] GC(4) Humongous regions: 1->1
[350.036s][info][gc,metaspace   ] GC(4) Metaspace: 16554K(17152K)->16554K(17152K) NonClass: 14916K(15360K)->14916K(15360K) Class: 1638K(1792K)->1638K(1792K)
[350.036s][info][gc             ] GC(4) Pause Full (Heap Inspection Initiated GC) 4M->4M(512M) 2.582ms
[350.036s][info][gc,cpu         ] GC(4) User=0.02s Sys=0.00s Real=0.00s
[389.678s][info][gc,heap,exit   ] Heap
[389.678s][info][gc,heap,exit   ]  garbage-first heap   total 524288K, used 4895K [0x00000000c0000000, 0x0000000100000000)
[389.678s][info][gc,heap,exit   ]   region size 1024K, 1 young (1024K), 0 survivors (0K)
[389.678s][info][gc,heap,exit   ]  Metaspace       used 16578K, capacity 16873K, committed 17152K, reserved 1064960K
[389.678s][info][gc,heap,exit   ]   class space    used 1645K, capacity 1743K, committed 1792K, reserved 1048576K
