[0.005s][info][gc,init] CardTable entry size: 512
[0.006s][info][gc     ] Using G1
[0.008s][info][gc,init] Version: 21.0.5+9-LTS-239 (release)
[0.008s][info][gc,init] CPUs: 32 total, 32 available
[0.008s][info][gc,init] Memory: 98161M
[0.008s][info][gc,init] Large Page Support: Disabled
[0.008s][info][gc,init] NUMA Support: Disabled
[0.008s][info][gc,init] Compressed Oops: Enabled (32-bit)
[0.008s][info][gc,init] Heap Region Size: 1M
[0.008s][info][gc,init] Heap Min Capacity: 512M
[0.008s][info][gc,init] Heap Initial Capacity: 512M
[0.008s][info][gc,init] Heap Max Capacity: 1G
[0.008s][info][gc,init] Pre-touch: Disabled
[0.008s][info][gc,init] Parallel Workers: 23
[0.008s][info][gc,init] Concurrent Workers: 6
[0.008s][info][gc,init] Concurrent Refinement Workers: 23
[0.008s][info][gc,init] Periodic GC: Disabled
[0.014s][info][gc,metaspace] CDS archive(s) mapped at: [0x0000025e00000000-0x0000025e00c90000-0x0000025e00c90000), size 13172736, SharedBaseAddress: 0x0000025e00000000, ArchiveRelocationMode: 1.
[0.014s][info][gc,metaspace] Compressed class space mapped at: 0x0000025e01000000-0x0000025e41000000, reserved size: 1073741824
[0.014s][info][gc,metaspace] Narrow klass base: 0x0000025e00000000, Narrow klass shift: 0, Narrow klass range: 0x100000000
[19.705s][info][gc,heap,exit] Heap
[19.705s][info][gc,heap,exit]  garbage-first heap   total 524288K, used 23552K [0x00000000c0000000, 0x0000000100000000)
[19.705s][info][gc,heap,exit]   region size 1024K, 21 young (21504K), 0 survivors (0K)
[19.705s][info][gc,heap,exit]  Metaspace       used 9936K, committed 10176K, reserved 1114112K
[19.705s][info][gc,heap,exit]   class space    used 1020K, committed 1152K, reserved 1048576K
